2026-09-21 22:01:06: Melon trending keywords error: getaddrinfo ENOTFOUND www.melon.com
2026-09-21 22:02:06: Melon trending keywords error: getaddrinfo ENOTFOUND www.melon.com
2026-09-21 22:03:06: Melon trending keywords error: getaddrinfo ENOTFOUND www.melon.com
2026-09-21 22:04:06: Melon trending keywords error: getaddrinfo ENOTFOUND www.melon.com
2026-09-21 22:05:06: Melon trending keywords error: getaddrinfo ENOTFOUND www.melon.com
2026-09-21 23:01:59: Melon trending keywords error: getaddrinfo ENOTFOUND www.melon.com
2026-09-21 23:01:59: Melon Chart Error: getaddrinfo ENOTFOUND www.melon.com
2026-09-21 23:01:59: Melon trending keywords error: getaddrinfo ENOTFOUND www.melon.com
2026-09-21 23:01:59: Melon Chart Error: getaddrinfo ENOTFOUND www.melon.com
2026-09-21 23:01:59: Melon trending keywords error: getaddrinfo ENOTFOUND www.melon.com
2026-09-21 23:02:59: Melon trending keywords error: getaddrinfo ENOTFOUND www.melon.com
2026-09-22 09:03:58: Melon trending keywords error: timeout of 5000ms exceeded
2026-09-22 09:04:01: Melon Chart Error: timeout of 8000ms exceeded
2026-09-22 09:04:03: Melon trending keywords error: timeout of 5000ms exceeded
2026-09-22 09:04:09: Melon Chart Error: timeout of 8000ms exceeded
2026-09-22 09:04:19: Melon Chart Error: timeout of 8000ms exceeded
2026-09-22 09:04:23: Melon Chart Error: getaddrinfo ENOTFOUND www.melon.com
2026-09-22 09:04:58: Melon trending keywords error: timeout of 5000ms exceeded
2026-09-22 10:09:16: YouTube Search Error: _title2.trim is not a function
2026-09-22 11:41:18: Melon trending keywords error: timeout of 5000ms exceeded
